2024-05-08 17:57:59,233 - INFO - Step: 1, Action: 1, Reward: 1, Anomaly Score: 0.623765262197657, Spoofing Threshold: 0.5241233250379896
2024-05-08 17:57:59,234 - INFO - Step: 2, Action: 1, Reward: 1, Anomaly Score: 0.5329375373117639, Spoofing Threshold: 0.5241233250379896
2024-05-08 17:57:59,235 - INFO - Step: 3, Action: 1, Reward: 1, Anomaly Score: 0.581182188467207, Spoofing Threshold: 0.5241233250379896
2024-05-08 17:57:59,236 - INFO - Step: 4, Action: 1, Reward: 1, Anomaly Score: 0.7291842189109576, Spoofing Threshold: 0.5241233250379896
2024-05-08 17:57:59,236 - INFO - Step: 5, Action: 1, Reward: 1, Anomaly Score: 0.7497156177459754, Spoofing Threshold: 0.5241233250379896
2024-05-08 17:57:59,236 - INFO - Step: 6, Action: 1, Reward: 0, Anomaly Score: 0, Spoofing Threshold: 0.5241233250379896
2024-05-08 17:57:59,236 - INFO - Test completed. Total Reward: 5, Total Steps: 6
2024-05-08 17:57:59,975 - INFO - Step: 1, Action: 1, Reward: -1, Anomaly Score: 0.6913046716328259, Spoofing Threshold: 0.7173254139083555
2024-05-08 17:57:59,976 - INFO - Step: 2, Action: 1, Reward: 1, Anomaly Score: 0.7928224898221339, Spoofing Threshold: 0.7173254139083555
2024-05-08 17:57:59,977 - INFO - Step: 3, Action: 1, Reward: 1, Anomaly Score: 0.8228381746844866, Spoofing Threshold: 0.7173254139083555
2024-05-08 17:57:59,978 - INFO - Step: 4, Action: 1, Reward: 1, Anomaly Score: 0.8205303850340637, Spoofing Threshold: 0.7173254139083555
2024-05-08 17:57:59,979 - INFO - Step: 5, Action: 1, Reward: 1, Anomaly Score: 0.8213071906276082, Spoofing Threshold: 0.7173254139083555
2024-05-08 17:57:59,979 - INFO - Step: 6, Action: 1, Reward: 0, Anomaly Score: 0, Spoofing Threshold: 0.7173254139083555
2024-05-08 17:57:59,980 - INFO - Test completed. Total Reward: 3, Total Steps: 6
2024-05-08 17:58:01,576 - INFO - Step: 1, Action: 1, Reward: 1, Anomaly Score: 0.6846600328620616, Spoofing Threshold: 0.6686030980663236
2024-05-08 17:58:01,577 - INFO - Step: 2, Action: 1, Reward: -1, Anomaly Score: 0.619730031047425, Spoofing Threshold: 0.6686030980663236
2024-05-08 17:58:01,578 - INFO - Step: 3, Action: 1, Reward: -1, Anomaly Score: 0.6214938083492426, Spoofing Threshold: 0.6686030980663236
2024-05-08 17:58:01,579 - INFO - Step: 4, Action: 1, Reward: -1, Anomaly Score: 0.621609570695552, Spoofing Threshold: 0.6686030980663236
2024-05-08 17:58:01,580 - INFO - Step: 5, Action: 1, Reward: -1, Anomaly Score: 0.6211844596799954, Spoofing Threshold: 0.6686030980663236
2024-05-08 17:58:01,580 - INFO - Step: 6, Action: 1, Reward: 0, Anomaly Score: 0, Spoofing Threshold: 0.6686030980663236
2024-05-08 17:58:01,580 - INFO - Test completed. Total Reward: -3, Total Steps: 6
2024-05-08 17:58:02,596 - INFO - Step: 1, Action: 1, Reward: -1, Anomaly Score: 0.798097154125739, Spoofing Threshold: 0.8019640082182623
2024-05-08 17:58:02,597 - INFO - Step: 2, Action: 1, Reward: 1, Anomaly Score: 0.8790389113087616, Spoofing Threshold: 0.8019640082182623
2024-05-08 17:58:02,598 - INFO - Step: 3, Action: 1, Reward: 1, Anomaly Score: 0.8087648205664479, Spoofing Threshold: 0.8019640082182623
2024-05-08 17:58:02,599 - INFO - Step: 4, Action: 1, Reward: 1, Anomaly Score: 0.8063519358308825, Spoofing Threshold: 0.8019640082182623
2024-05-08 17:58:02,600 - INFO - Step: 5, Action: 1, Reward: 1, Anomaly Score: 0.8860745608356954, Spoofing Threshold: 0.8019640082182623
2024-05-08 17:58:02,600 - INFO - Step: 6, Action: 1, Reward: 0, Anomaly Score: 0, Spoofing Threshold: 0.8019640082182623
2024-05-08 17:58:02,600 - INFO - Test completed. Total Reward: 3, Total Steps: 6
2024-05-08 17:58:03,450 - INFO - Step: 1, Action: 1, Reward: 1, Anomaly Score: 0.8871245943616575, Spoofing Threshold: 0.7716675819227676
2024-05-08 17:58:03,451 - INFO - Step: 2, Action: 1, Reward: 1, Anomaly Score: 0.8214125808997804, Spoofing Threshold: 0.7716675819227676
2024-05-08 17:58:03,451 - INFO - Step: 3, Action: 1, Reward: 1, Anomaly Score: 0.8218202355234421, Spoofing Threshold: 0.7716675819227676
2024-05-08 17:58:03,452 - INFO - Step: 4, Action: 1, Reward: 1, Anomaly Score: 0.9260992982489578, Spoofing Threshold: 0.7716675819227676
2024-05-08 17:58:03,453 - INFO - Step: 5, Action: 1, Reward: 1, Anomaly Score: 0.7950890489298656, Spoofing Threshold: 0.7716675819227676
2024-05-08 17:58:03,453 - INFO - Step: 6, Action: 1, Reward: 0, Anomaly Score: 0, Spoofing Threshold: 0.7716675819227676
2024-05-08 17:58:03,453 - INFO - Test completed. Total Reward: 5, Total Steps: 6
2024-05-08 17:58:03,656 - INFO - Step: 1, Action: 1, Reward: -1, Anomaly Score: 0.6532406062158382, Spoofing Threshold: 0.709842990440004
2024-05-08 17:58:03,657 - INFO - Step: 2, Action: 1, Reward: -1, Anomaly Score: 0.6324660748496252, Spoofing Threshold: 0.709842990440004
2024-05-08 17:58:03,658 - INFO - Step: 3, Action: 1, Reward: -1, Anomaly Score: 0.5227225928980337, Spoofing Threshold: 0.709842990440004
2024-05-08 17:58:03,658 - INFO - Step: 4, Action: 1, Reward: -1, Anomaly Score: 0.49522229179585664, Spoofing Threshold: 0.709842990440004
2024-05-08 17:58:03,659 - INFO - Step: 5, Action: 1, Reward: -1, Anomaly Score: 0.49470940435500593, Spoofing Threshold: 0.709842990440004
2024-05-08 17:58:03,659 - INFO - Step: 6, Action: 1, Reward: 0, Anomaly Score: 0, Spoofing Threshold: 0.709842990440004
2024-05-08 17:58:03,659 - INFO - Test completed. Total Reward: -5, Total Steps: 6
2024-05-08 17:58:04,475 - INFO - Step: 1, Action: 1, Reward: 1, Anomaly Score: 0.5918025814935683, Spoofing Threshold: 0.575415702802174
2024-05-08 17:58:04,476 - INFO - Step: 2, Action: 1, Reward: 1, Anomaly Score: 0.6797827036866774, Spoofing Threshold: 0.575415702802174
2024-05-08 17:58:04,477 - INFO - Step: 3, Action: 1, Reward: 1, Anomaly Score: 0.6926618708594865, Spoofing Threshold: 0.575415702802174
2024-05-08 17:58:04,478 - INFO - Step: 4, Action: 1, Reward: 1, Anomaly Score: 0.768666386223559, Spoofing Threshold: 0.575415702802174
2024-05-08 17:58:04,479 - INFO - Step: 5, Action: 1, Reward: 1, Anomaly Score: 0.7738960918123504, Spoofing Threshold: 0.575415702802174
2024-05-08 17:58:04,480 - INFO - Step: 6, Action: 1, Reward: 0, Anomaly Score: 0, Spoofing Threshold: 0.575415702802174
2024-05-08 17:58:04,480 - INFO - Test completed. Total Reward: 5, Total Steps: 6
2024-05-08 17:58:05,130 - INFO - Step: 1, Action: 1, Reward: -1, Anomaly Score: 0.6345604071562361, Spoofing Threshold: 0.6810234599762495
2024-05-08 17:58:05,132 - INFO - Step: 2, Action: 1, Reward: -1, Anomaly Score: 0.6303699518343049, Spoofing Threshold: 0.6810234599762495
2024-05-08 17:58:05,132 - INFO - Step: 3, Action: 1, Reward: -1, Anomaly Score: 0.6351419021011996, Spoofing Threshold: 0.6810234599762495
2024-05-08 17:58:05,133 - INFO - Step: 4, Action: 1, Reward: -1, Anomaly Score: 0.6698840753640106, Spoofing Threshold: 0.6810234599762495
2024-05-08 17:58:05,134 - INFO - Step: 5, Action: 1, Reward: -1, Anomaly Score: 0.6701584207671344, Spoofing Threshold: 0.6810234599762495
2024-05-08 17:58:05,134 - INFO - Step: 6, Action: 1, Reward: 0, Anomaly Score: 0, Spoofing Threshold: 0.6810234599762495
2024-05-08 17:58:05,134 - INFO - Test completed. Total Reward: -5, Total Steps: 6
2024-05-08 17:58:06,666 - INFO - Step: 1, Action: 1, Reward: 1, Anomaly Score: 0.7020072321333759, Spoofing Threshold: 0.5998132191945372
2024-05-08 17:58:06,667 - INFO - Step: 2, Action: 1, Reward: 1, Anomaly Score: 0.7009048174105557, Spoofing Threshold: 0.5998132191945372
2024-05-08 17:58:06,668 - INFO - Step: 3, Action: 1, Reward: 1, Anomaly Score: 0.6201039599659013, Spoofing Threshold: 0.5998132191945372
2024-05-08 17:58:06,669 - INFO - Step: 4, Action: 1, Reward: 1, Anomaly Score: 0.6170537012444637, Spoofing Threshold: 0.5998132191945372
2024-05-08 17:58:06,669 - INFO - Step: 5, Action: 1, Reward: 1, Anomaly Score: 0.6066705315796365, Spoofing Threshold: 0.5998132191945372
2024-05-08 17:58:06,670 - INFO - Step: 6, Action: 1, Reward: 0, Anomaly Score: 0, Spoofing Threshold: 0.5998132191945372
2024-05-08 17:58:06,670 - INFO - Test completed. Total Reward: 5, Total Steps: 6
2024-05-08 17:58:09,131 - INFO - Step: 1, Action: 1, Reward: -1, Anomaly Score: 0.60115271225581, Spoofing Threshold: 0.650335366181583
2024-05-08 17:58:09,132 - INFO - Step: 2, Action: 1, Reward: 1, Anomaly Score: 0.6594358697500201, Spoofing Threshold: 0.650335366181583
2024-05-08 17:58:09,133 - INFO - Step: 3, Action: 1, Reward: 1, Anomaly Score: 0.7292926489050469, Spoofing Threshold: 0.650335366181583
2024-05-08 17:58:09,134 - INFO - Step: 4, Action: 1, Reward: 1, Anomaly Score: 0.7759469799498038, Spoofing Threshold: 0.650335366181583
2024-05-08 17:58:09,135 - INFO - Step: 5, Action: 1, Reward: 1, Anomaly Score: 0.7670952088559521, Spoofing Threshold: 0.650335366181583
2024-05-08 17:58:09,135 - INFO - Step: 6, Action: 1, Reward: 0, Anomaly Score: 0, Spoofing Threshold: 0.650335366181583
2024-05-08 17:58:09,135 - INFO - Test completed. Total Reward: 3, Total Steps: 6
2024-05-08 17:58:09,737 - INFO - Step: 1, Action: 1, Reward: -1, Anomaly Score: 0.6269243846365724, Spoofing Threshold: 0.6529126520176537
2024-05-08 17:58:09,738 - INFO - Step: 2, Action: 1, Reward: -1, Anomaly Score: 0.624292546833099, Spoofing Threshold: 0.6529126520176537
2024-05-08 17:58:09,739 - INFO - Step: 3, Action: 1, Reward: -1, Anomaly Score: 0.6419640001090036, Spoofing Threshold: 0.6529126520176537
2024-05-08 17:58:09,740 - INFO - Step: 4, Action: 1, Reward: 1, Anomaly Score: 0.7090582292367704, Spoofing Threshold: 0.6529126520176537
2024-05-08 17:58:09,741 - INFO - Step: 5, Action: 1, Reward: -1, Anomaly Score: 0.6353039851047612, Spoofing Threshold: 0.6529126520176537
2024-05-08 17:58:09,741 - INFO - Step: 6, Action: 1, Reward: 0, Anomaly Score: 0, Spoofing Threshold: 0.6529126520176537
2024-05-08 17:58:09,741 - INFO - Test completed. Total Reward: -3, Total Steps: 6
2024-05-08 17:58:10,559 - INFO - Step: 1, Action: 1, Reward: 1, Anomaly Score: 0.7903819021241012, Spoofing Threshold: 0.7646159648892827
2024-05-08 17:58:10,560 - INFO - Step: 2, Action: 1, Reward: 1, Anomaly Score: 0.8497735481154696, Spoofing Threshold: 0.7646159648892827
2024-05-08 17:58:10,561 - INFO - Step: 3, Action: 1, Reward: 1, Anomaly Score: 0.8431622279914783, Spoofing Threshold: 0.7646159648892827
2024-05-08 17:58:10,562 - INFO - Step: 4, Action: 1, Reward: 1, Anomaly Score: 0.8291766154372774, Spoofing Threshold: 0.7646159648892827
2024-05-08 17:58:10,563 - INFO - Step: 5, Action: 1, Reward: 1, Anomaly Score: 0.8442196708895551, Spoofing Threshold: 0.7646159648892827
2024-05-08 17:58:10,563 - INFO - Step: 6, Action: 1, Reward: 0, Anomaly Score: 0, Spoofing Threshold: 0.7646159648892827
2024-05-08 17:58:10,563 - INFO - Test completed. Total Reward: 5, Total Steps: 6
2024-05-08 17:58:11,494 - INFO - Step: 1, Action: 1, Reward: 1, Anomaly Score: 0.7983264256702848, Spoofing Threshold: 0.6646822795404848
2024-05-08 17:58:11,494 - INFO - Step: 2, Action: 1, Reward: 1, Anomaly Score: 0.777885705893715, Spoofing Threshold: 0.6646822795404848
2024-05-08 17:58:11,495 - INFO - Step: 3, Action: 1, Reward: 1, Anomaly Score: 0.7778617444228432, Spoofing Threshold: 0.6646822795404848
2024-05-08 17:58:11,496 - INFO - Step: 4, Action: 1, Reward: 1, Anomaly Score: 0.6991539351353845, Spoofing Threshold: 0.6646822795404848
2024-05-08 17:58:11,497 - INFO - Step: 5, Action: 1, Reward: 1, Anomaly Score: 0.7075678561316288, Spoofing Threshold: 0.6646822795404848
2024-05-08 17:58:11,497 - INFO - Step: 6, Action: 1, Reward: 0, Anomaly Score: 0, Spoofing Threshold: 0.6646822795404848
2024-05-08 17:58:11,497 - INFO - Test completed. Total Reward: 5, Total Steps: 6
2024-05-08 17:58:12,118 - INFO - Step: 1, Action: 1, Reward: 1, Anomaly Score: 0.6625852748834504, Spoofing Threshold: 0.6447515197663412
2024-05-08 17:58:12,119 - INFO - Step: 2, Action: 1, Reward: 1, Anomaly Score: 0.6820767321602637, Spoofing Threshold: 0.6447515197663412
2024-05-08 17:58:12,120 - INFO - Step: 3, Action: 1, Reward: 1, Anomaly Score: 0.6997289652863797, Spoofing Threshold: 0.6447515197663412
2024-05-08 17:58:12,120 - INFO - Step: 4, Action: 1, Reward: 1, Anomaly Score: 0.7002906196703906, Spoofing Threshold: 0.6447515197663412
2024-05-08 17:58:12,121 - INFO - Step: 5, Action: 1, Reward: 1, Anomaly Score: 0.8183254766987289, Spoofing Threshold: 0.6447515197663412
2024-05-08 17:58:12,121 - INFO - Step: 6, Action: 1, Reward: 0, Anomaly Score: 0, Spoofing Threshold: 0.6447515197663412
2024-05-08 17:58:12,121 - INFO - Test completed. Total Reward: 5, Total Steps: 6
2024-05-08 17:58:12,859 - INFO - Step: 1, Action: 1, Reward: 1, Anomaly Score: 0.7944087378309057, Spoofing Threshold: 0.731634223895145
2024-05-08 17:58:12,860 - INFO - Step: 2, Action: 1, Reward: 1, Anomaly Score: 0.8021385977931512, Spoofing Threshold: 0.731634223895145
2024-05-08 17:58:12,861 - INFO - Step: 3, Action: 1, Reward: 1, Anomaly Score: 0.7441600505390704, Spoofing Threshold: 0.731634223895145
2024-05-08 17:58:12,862 - INFO - Step: 4, Action: 1, Reward: 1, Anomaly Score: 0.8617938921181283, Spoofing Threshold: 0.731634223895145
2024-05-08 17:58:12,863 - INFO - Step: 5, Action: 1, Reward: 1, Anomaly Score: 0.8249589570119734, Spoofing Threshold: 0.731634223895145
2024-05-08 17:58:12,863 - INFO - Step: 6, Action: 1, Reward: 0, Anomaly Score: 0, Spoofing Threshold: 0.731634223895145
2024-05-08 17:58:12,863 - INFO - Test completed. Total Reward: 5, Total Steps: 6
2024-05-08 17:58:13,608 - INFO - Step: 1, Action: 1, Reward: 1, Anomaly Score: 0.8800422393434371, Spoofing Threshold: 0.7146098729066612
2024-05-08 17:58:13,609 - INFO - Step: 2, Action: 1, Reward: 1, Anomaly Score: 0.8653339626877274, Spoofing Threshold: 0.7146098729066612
2024-05-08 17:58:13,610 - INFO - Step: 3, Action: 1, Reward: 1, Anomaly Score: 0.8711557186351679, Spoofing Threshold: 0.7146098729066612
2024-05-08 17:58:13,610 - INFO - Step: 4, Action: 1, Reward: 1, Anomaly Score: 0.7639114003576069, Spoofing Threshold: 0.7146098729066612
2024-05-08 17:58:13,611 - INFO - Step: 5, Action: 1, Reward: 1, Anomaly Score: 0.7870278933275688, Spoofing Threshold: 0.7146098729066612
2024-05-08 17:58:13,612 - INFO - Step: 6, Action: 1, Reward: 0, Anomaly Score: 0, Spoofing Threshold: 0.7146098729066612
2024-05-08 17:58:13,612 - INFO - Test completed. Total Reward: 5, Total Steps: 6
